48.816 480.177
79.286 480.076
89.5108 462.485
92.2209 449.745
99.1811 462.498
111.171 481.648
128.908 489.543
145.118 474.493
153.08 425.713
157.47 395.033
162.613 430.333
176.953 479.393
208.287 493.951
239.077 467.641
253.121 394.601
260.551 326.791
270.729 312.217
278.719 315.417
279.957 303.621
271.327 286.051
249.953 271.239
230.123 280.749
225.039 334.495
224.699 397.665
219.859 438.087
210.389 459.657
196.171 465.973
183.051 445.733
176.429 388.507
170.329 333.007
159.231 315.007
147.161 332.687
137.839 384.352
128.149 430.902
115.212 436.203
105.652 404.543
105.587 339.898
102.937 279.288
86.5414 256.922
67.1814 258.642
54.8211 271.36
48.6811 289.36
48.0415 307.358
53.8115 319.768
66.8275 321.437
76.8275 337.047
74.3288 389.393
62.8388 441.973
